Microchip MPLAB XC8 Compiler V1.33 ()

Linker command line:

-W-3 --edf=/opt/microchip/xc8/v1.33/dat/en_msgs.txt -cs \
  -h+dist/default/production/LAB09.X.production.sym \
  --cmf=dist/default/production/LAB09.X.production.cmf -z -Q18F4525 \
  -o/tmp/cgtujBc3M -Mdist/default/production/LAB09.X.production.map -E1 \
  -ver=XC8 -ASTACK=080h-09ffh -pstack=STACK -ACODE=00h-0BFFFh \
  -ACONST=00h-0BFFFh -ASMALLCONST=01000h-010FFhx176 \
  -AMEDIUMCONST=01000h-0BFFFh -ACOMRAM=01h-07Fh -AABS1=00h-0F7Fh \
  -ABIGRAM=01h-0F7Fh -ARAM=080h-0FFh,0100h-01FFhx14,0F00h-0F7Fh \
  -ABANK0=080h-0FFh -ABANK1=0100h-01FFh -ABANK2=0200h-02FFh \
  -ABANK3=0300h-03FFh -ABANK4=0400h-04FFh -ABANK5=0500h-05FFh \
  -ABANK6=0600h-06FFh -ABANK7=0700h-07FFh -ABANK8=0800h-08FFh \
  -ABANK9=0900h-09FFh -ABANK10=0A00h-0AFFh -ABANK11=0B00h-0BFFh \
  -ABANK12=0C00h-0CFFh -ABANK13=0D00h-0DFFh -ABANK14=0E00h-0EFFh \
  -ABANK15=0F00h-0F7Fh -ASFR=0F80h-0FFFh \
  -preset_vec=00h,intcode=08h,intcodelo,powerup,init,end_init \
  -pramtop=01000h -psmallconst=SMALLCONST -pmediumconst=MEDIUMCONST \
  -pconst=CONST -AFARRAM=00h-00h -ACONFIG=0300000h-030000Dh -pconfig=CONFIG \
  -AIDLOC=0200000h-0200007h -pidloc=IDLOC -AEEDATA=0F00000h-0F003FFh \
  -peeprom_data=EEDATA \
  -prdata=COMRAM,nvrram=COMRAM,nvbit=COMRAM,rbss=COMRAM,rbit=COMRAM \
  -pfarbss=FARRAM,fardata=FARRAM,nvFARRAM=FARRAM \
  -pintsave_regs=BIGRAM,bigbss=BIGRAM,bigdata=BIGRAM -pbss=RAM \
  -pidata=CODE,irdata=CODE,ibigdata=CODE,ifardata=CODE /tmp/cgt4TYW9U.obj \
  dist/default/production/LAB09.X.production.obj 

Object code version is 3.11

Machine type is 18F4525

Call graph: (short form)




                Name                               Link     Load   Length Selector   Space Scale
/tmp/cgt4TYW9U.obj
                end_init                             18       18        4        4       0
                reset_vec                             0        0        4        0       0
                idloc                            200000   200000        8   200000       0
                config                           300000   300000        E   300000       0
dist/default/production/LAB09.X.production.obj
                intcode                               8        8       10        4       0
                smallconst                         1000     1000       80      800       0
                intcode_body                       1896     1896       7E      840       0
                text57                             1A38     1A38       5E      840       0
                text56                             1F7C     1F7C        6      840       0
                text55                             1F34     1F34        C      840       0
                text54                             1BD2     1BD2       2A      840       0
                text53                             1DB8     1DB8       20      840       0
                text52                             1D98     1D98       20      840       0
                text51                             19DA     19DA       5E      840       0
                text50                             1EEE     1EEE       12      840       0
                text49                             1B98     1B98       3A      840       0
                text48                             1E2E     1E2E       1C      840       0
                text47                             1914     1914       68      840       0
                text46                             1B5E     1B5E       3A      840       0
                text45                             1B24     1B24       3A      840       0
                text44                             1E62     1E62       18      840       0
                text43                             1F76     1F76        6      840       0
                text42                             1F70     1F70        6      840       0
                text41                             1F0E     1F0E        E      840       0
                text40                             1F6A     1F6A        6      840       0
                text39                             1F64     1F64        6      840       0
                text38                             1F5E     1F5E        6      840       0
                text37                             1D78     1D78       20      840       0
                text36                             16DE     16DE       AA      840       0
                text35                             1E12     1E12       1C      840       0
                text34                             1DD8     1DD8       1E      840       0
                text33                             1DF6     1DF6       1C      840       0
                text32                             1F00     1F00        E      840       0
                text31                             1EA4     1EA4       14      840       0
                text30                             1E90     1E90       14      840       0
                text29                             1AE4     1AE4       40      840       0
                text28                             1BFC     1BFC       28      840       0
                text27                             1788     1788       90      840       0
                text26                             1F86     1F86        4      840       0
                text25                             1EDC     1EDC       12      840       0
                text24                             1F54     1F54        A      840       0
                text23                             14A2     14A2       CA      840       0
                text22                             1D2E     1D2E       26      840       0
                text21                             1D08     1D08       26      840       0
                text20                             1CE2     1CE2       26      840       0
                text19                             1CBC     1CBC       26      840       0
                text18                             1C96     1C96       26      840       0
                text17                             1C70     1C70       26      840       0
                text16                             1C4A     1C4A       26      840       0
                text15                             1C24     1C24       26      840       0
                text14                             1630     1630       AE      840       0
                text13                             197C     197C       5E      840       0
                text12                             1F28     1F28        C      840       0
                text11                             1F82     1F82        4      840       0
                text10                             1F4A     1F4A        A      840       0
                text9                              1E7A     1E7A       16      840       0
                text8                              1D54     1D54       24      840       0
                text7                              156C     156C       C4      840       0
                text6                              1818     1818       7E      840       0
                text5                              1F40     1F40        A      840       0
                text4                              1F1C     1F1C        C      840       0
                text3                              1ECA     1ECA       12      840       0
                text2                              1E4A     1E4A       18      840       0
                text1                              1080     1080      422      840       0
                text0                              1A96     1A96       4E      840       0
                cstackCOMRAM                          1        1       1F        1       1
                bssCOMRAM                            20       20        E        1       1
                cinit                              1EB8     1EB8       12      840       0

TOTAL           Name                               Link     Load   Length     Space
        CLASS   STACK          

        CLASS   CODE           
                end_init                             18       18        4         0
                intcode                               8        8       10         0
                reset_vec                             0        0        4         0
                intcode_body                       1896     1896       7E         0
                text57                             1A38     1A38       5E         0
                text56                             1F7C     1F7C        6         0
                text55                             1F34     1F34        C         0
                text54                             1BD2     1BD2       2A         0
                text53                             1DB8     1DB8       20         0
                text52                             1D98     1D98       20         0
                text51                             19DA     19DA       5E         0
                text50                             1EEE     1EEE       12         0
                text49                             1B98     1B98       3A         0
                text48                             1E2E     1E2E       1C         0
                text47                             1914     1914       68         0
                text46                             1B5E     1B5E       3A         0
                text45                             1B24     1B24       3A         0
                text44                             1E62     1E62       18         0
                text43                             1F76     1F76        6         0
                text42                             1F70     1F70        6         0
                text41                             1F0E     1F0E        E         0
                text40                             1F6A     1F6A        6         0
                text39                             1F64     1F64        6         0
                text38                             1F5E     1F5E        6         0
                text37                             1D78     1D78       20         0
                text36                             16DE     16DE       AA         0
                text35                             1E12     1E12       1C         0
                text34                             1DD8     1DD8       1E         0
                text33                             1DF6     1DF6       1C         0
                text32                             1F00     1F00        E         0
                text31                             1EA4     1EA4       14         0
                text30                             1E90     1E90       14         0
                text29                             1AE4     1AE4       40         0
                text28                             1BFC     1BFC       28         0
                text27                             1788     1788       90         0
                text26                             1F86     1F86        4         0
                text25                             1EDC     1EDC       12         0
                text24                             1F54     1F54        A         0
                text23                             14A2     14A2       CA         0
                text22                             1D2E     1D2E       26         0
                text21                             1D08     1D08       26         0
                text20                             1CE2     1CE2       26         0
                text19                             1CBC     1CBC       26         0
                text18                             1C96     1C96       26         0
                text17                             1C70     1C70       26         0
                text16                             1C4A     1C4A       26         0
                text15                             1C24     1C24       26         0
                text14                             1630     1630       AE         0
                text13                             197C     197C       5E         0
                text12                             1F28     1F28        C         0
                text11                             1F82     1F82        4         0
                text10                             1F4A     1F4A        A         0
                text9                              1E7A     1E7A       16         0
                text8                              1D54     1D54       24         0
                text7                              156C     156C       C4         0
                text6                              1818     1818       7E         0
                text5                              1F40     1F40        A         0
                text4                              1F1C     1F1C        C         0
                text3                              1ECA     1ECA       12         0
                text2                              1E4A     1E4A       18         0
                text1                              1080     1080      422         0
                text0                              1A96     1A96       4E         0
                cinit                              1EB8     1EB8       12         0

        CLASS   CONST          

        CLASS   SMALLCONST     
                smallconst                         1000     1000       80         0

        CLASS   MEDIUMCONST    

        CLASS   COMRAM         
                cstackCOMRAM                          1        1       1F         1
                bssCOMRAM                            20       20        E         1

        CLASS   ABS1           

        CLASS   BIGRAM         

        CLASS   RAM            

        CLASS   BANK0          

        CLASS   BANK1          

        CLASS   BANK2          

        CLASS   BANK3          

        CLASS   BANK4          

        CLASS   BANK5          

        CLASS   BANK6          

        CLASS   BANK7          

        CLASS   BANK8          

        CLASS   BANK9          

        CLASS   BANK10         

        CLASS   BANK11         

        CLASS   BANK12         

        CLASS   BANK13         

        CLASS   BANK14         

        CLASS   BANK15         

        CLASS   SFR            

        CLASS   FARRAM         

        CLASS   CONFIG         
                config                           300000   300000        E         0

        CLASS   IDLOC          
                idloc                            200000   200000        8         0

        CLASS   EEDATA         



SEGMENTS        Name                           Load    Length   Top    Selector   Space  Class

                reset_vec                      000000  000004  000004         0       0  CODE    
                cstackCOMRAM                   000001  00002D  00002E         1       1  COMRAM  
                intcode                        000008  000014  00001C         4       0  CODE    
                smallconst                     001000  000080  001080       800       0  SMALLCON
                text1                          001080  000F0A  001F8A       840       0  CODE    
                idloc                          200000  000008  200008    200000       0  IDLOC   
                config                         300000  00000E  30000E    300000       0  CONFIG  


UNUSED ADDRESS RANGES

        Name                Unused          Largest block    Delta
        BANK0            000080-0000FF               80
        BANK1            000100-0001FF              100
        BANK10           000A00-000AFF              100
        BANK11           000B00-000BFF              100
        BANK12           000C00-000CFF              100
        BANK13           000D00-000DFF              100
        BANK14           000E00-000EFF              100
        BANK15           000F00-000F7F               80
        BANK2            000200-0002FF              100
        BANK3            000300-0003FF              100
        BANK4            000400-0004FF              100
        BANK5            000500-0005FF              100
        BANK6            000600-0006FF              100
        BANK7            000700-0007FF              100
        BANK8            000800-0008FF              100
        BANK9            000900-0009FF              100
        BIGRAM           00002E-000F7F              F52
        CODE             000004-000007                4
                         00001C-000FFF              FE4
                         001F8A-00BFFF             A076
        COMRAM           00002E-00007F               52
        CONST            000004-000007                4
                         00001C-000FFF              FE4
                         001F8A-00BFFF             A076
        EEDATA           F00000-F003FF              400
        MEDIUMCONST      001F8A-00BFFF             A076
        RAM              000080-000F7F              100
        SFR              000F80-000FFF               80
        SMALLCONST       001F8A-00BFFF              100
        STACK            000080-0009FF              980

                                  Symbol Table

?_ReadADC                            cstackCOMRAM 00000F
?_ReadTimer0                         cstackCOMRAM 00000F
?_adc                                cstackCOMRAM 000011
?_printf                             cstackCOMRAM 000010
OpenADC@config                       cstackCOMRAM 000013
OpenADC@config2                      cstackCOMRAM 00000F
OpenADC@portconfig                   cstackCOMRAM 000010
OpenPWM1@period                      cstackCOMRAM 00000F
OpenPWM2@ccp2mx                      cstackCOMRAM 000011
OpenPWM2@period                      cstackCOMRAM 000010
OpenTimer0@config                    cstackCOMRAM 00000F
OpenTimer2@config                    cstackCOMRAM 00000F
OpenUSART@config                     cstackCOMRAM 000014
OpenUSART@spbrg                      cstackCOMRAM 00000F
PORtask@count1                       cstackCOMRAM 000015
PORtask@count2                       cstackCOMRAM 000019
ReadTimer0@timer                     cstackCOMRAM 000011
SetChanADC@channel                   cstackCOMRAM 000010
SetDCPWM1@DCycle                     cstackCOMRAM 000013
SetDCPWM1@dutycycle                  cstackCOMRAM 00000F
SetDCPWM2@DCycle                     cstackCOMRAM 000013
SetDCPWM2@dutycycle                  cstackCOMRAM 00000F
WriteTimer0@timer                    cstackCOMRAM 000011
WriteTimer0@timer0                   cstackCOMRAM 00000F
_ADCON0                              (abs)        000FC2
_ADCON0bits                          (abs)        000FC2
_ADCON1                              (abs)        000FC1
_ADCON2                              (abs)        000FC0
_ADRESH                              (abs)        000FC4
_ADRESL                              (abs)        000FC3
_BAUDCONbits                         (abs)        000FB8
_BORtask                             text37       001D78
_BusyADC                             text12       001F28
_CCP1CON                             (abs)        000FBD
_CCP2CON                             (abs)        000FBA
_CCPR1L                              (abs)        000FBE
_CCPR2L                              (abs)        000FBB
_ConvertADC                          text11       001F82
_HLVDCONbits                         (abs)        000FD2
_INTCONbits                          (abs)        000FF2
_IPR2bits                            (abs)        000FA2
_LVtrap                              text53       001DB8
_OSCCONbits                          (abs)        000FD3
_OSCTUNEbits                         (abs)        000F9B
_OpenADC                             text51       0019DA
_OpenPWM1                            text50       001EEE
_OpenPWM2                            text49       001B98
_OpenTimer0                          text52       001D98
_OpenTimer2                          text48       001E2E
_OpenUSART                           text47       001914
_PIE1bits                            (abs)        000F9D
_PIE2bits                            (abs)        000FA0
_PIR1bits                            (abs)        000F9E
_PIR2bits                            (abs)        000FA1
_PORTCbits                           (abs)        000F82
_PORTD                               (abs)        000F83
_PORTDbits                           (abs)        000F83
_PORTEbits                           (abs)        000F84
_PORtask                             text36       0016DE
_PR2                                 (abs)        000FCB
_RCONbits                            (abs)        000FD0
_RCSTA                               (abs)        000FAB
_RCSTAbits                           (abs)        000FAB
_RESETtask                           text35       001E12
_ReadADC                             text10       001F4A
_ReadTimer0                          text25       001EDC
_SPBRG                               (abs)        000FAF
_SPBRGH                              (abs)        000FB0
_STKFULtask                          text34       001DD8
_STKPTRbits                          (abs)        000FFC
_SeeLine                             bssCOMRAM    00002C
_SetChanADC                          text9        001E7A
_SetDCPWM1                           text46       001B5E
_SetDCPWM2                           text45       001B24
_StatusReset                         text38       001F5E
_T0CON                               (abs)        000FD5
_T0CONbits                           (abs)        000FD5
_T2CON                               (abs)        000FCA
_T2CONbits                           (abs)        000FCA
_TMR0H                               (abs)        000FD7
_TMR0IF                              (abs)        007F92
_TMR0L                               (abs)        000FD6
_TMR2                                (abs)        000FCC
_TRISA                               (abs)        000F92
_TRISB                               (abs)        000F93
_TRISBbits                           (abs)        000F93
_TRISC                               (abs)        000F94
_TRISCbits                           (abs)        000F94
_TRISD                               (abs)        000F95
_TRISE                               (abs)        000F96
_TXIF                                (abs)        007CF4
_TXREG                               (abs)        000FAD
_TXSTA                               (abs)        000FAC
_TXSTAbits                           (abs)        000FAC
_WDTtask                             text33       001DF6
_WriteTimer0                         text3        001ECA
__CFG_BOREN$ON                       (abs)        000000
__CFG_BORV$0                         (abs)        000000
__CFG_LVP$OFF                        (abs)        000000
__CFG_MCLRE$OFF                      (abs)        000000
__CFG_OSC$INTIO67                    (abs)        000000
__CFG_STVREN$ON                      (abs)        000000
__CFG_WDT$OFF                        (abs)        000000
__CFG_WDTPS$8                        (abs)        000000
__HRAM                               (abs)        000000
__Habs1                              abs1         000000
__Hbank0                             bank0        000000
__Hbank1                             bank1        000000
__Hbank10                            bank10       000000
__Hbank11                            bank11       000000
__Hbank12                            bank12       000000
__Hbank13                            bank13       000000
__Hbank14                            bank14       000000
__Hbank15                            bank15       000000
__Hbank2                             bank2        000000
__Hbank3                             bank3        000000
__Hbank4                             bank4        000000
__Hbank5                             bank5        000000
__Hbank6                             bank6        000000
__Hbank7                             bank7        000000
__Hbank8                             bank8        000000
__Hbank9                             bank9        000000
__Hbigbss                            bigbss       000000
__Hbigdata                           bigdata      000000
__Hbigram                            bigram       000000
__Hbss                               bss          000000
__HbssCOMRAM                         bssCOMRAM    000000
__Hcinit                             cinit        000000
__Hclrtext                           clrtext      000000
__Hcomram                            comram       000000
__Hconfig                            config       30000E
__Hconst                             const        000000
__HcstackCOMRAM                      cstackCOMRAM 000000
__Hdata                              data         000000
__Heeprom_data                       eeprom_data  000000
__Hend_init                          end_init     00001C
__Hfarbss                            farbss       000000
__Hfardata                           fardata      000000
__Hibigdata                          ibigdata     000000
__Hidata                             idata        000000
__Hidloc                             idloc        200008
__Hifardata                          ifardata     000000
__Hinit                              init         000018
__Hintcode                           intcode      000018
__Hintcode_body                      intcode_body 000000
__Hintcodelo                         intcodelo    000018
__Hintentry                          intentry     000000
__Hintret                            intret       000000
__Hintsave_regs                      intsave_regs 000000
__Hirdata                            irdata       000000
__Hmediumconst                       mediumconst  000000
__HnvFARRAM                          nvFARRAM     000000
__Hnvbit                             nvbit        000000
__Hnvrram                            nvrram       000000
__Hparam                             rparam       000000
__Hpowerup                           powerup      000018
__Hram                               ram          000000
__Hramtop                            ramtop       001000
__Hrbit                              rbit         000000
__Hrbss                              rbss         000000
__Hrdata                             rdata        000000
__Hreset_vec                         reset_vec    000004
__Hrparam                            rparam       000000
__Hsfr                               sfr          000000
__Hsmallconst                        smallconst   001080
__Hspace_0                           (abs)        30000E
__Hspace_1                           (abs)        00002E
__Hspace_2                           (abs)        000000
__Hstack                             stack        000000
__Hstruct                            struct       000000
__Htemp                              temp         000000
__Htext                              text         000000
__Htext0                             text0        000000
__Htext1                             text1        000000
__Htext10                            text10       000000
__Htext11                            text11       000000
__Htext12                            text12       000000
__Htext13                            text13       000000
__Htext14                            text14       000000
__Htext15                            text15       000000
__Htext16                            text16       000000
__Htext17                            text17       000000
__Htext18                            text18       000000
__Htext19                            text19       000000
__Htext2                             text2        000000
__Htext20                            text20       000000
__Htext21                            text21       000000
__Htext22                            text22       000000
__Htext23                            text23       000000
__Htext24                            text24       000000
__Htext25                            text25       000000
__Htext26                            text26       000000
__Htext27                            text27       000000
__Htext28                            text28       000000
__Htext29                            text29       000000
__Htext3                             text3        000000
__Htext30                            text30       000000
__Htext31                            text31       000000
__Htext32                            text32       000000
__Htext33                            text33       000000
__Htext34                            text34       000000
__Htext35                            text35       000000
__Htext36                            text36       000000
__Htext37                            text37       000000
__Htext38                            text38       000000
__Htext39                            text39       000000
__Htext4                             text4        000000
__Htext40                            text40       000000
__Htext41                            text41       000000
__Htext42                            text42       000000
__Htext43                            text43       000000
__Htext44                            text44       000000
__Htext45                            text45       000000
__Htext46                            text46       000000
__Htext47                            text47       000000
__Htext48                            text48       000000
__Htext49                            text49       000000
__Htext5                             text5        000000
__Htext50                            text50       000000
__Htext51                            text51       000000
__Htext52                            text52       000000
__Htext53                            text53       000000
__Htext54                            text54       000000
__Htext55                            text55       000000
__Htext56                            text56       000000
__Htext57                            text57       000000
__Htext6                             text6        000000
__Htext7                             text7        000000
__Htext8                             text8        000000
__Htext9                             text9        000000
__LRAM                               (abs)        000001
__Labs1                              abs1         000000
__Lbank0                             bank0        000000
__Lbank1                             bank1        000000
__Lbank10                            bank10       000000
__Lbank11                            bank11       000000
__Lbank12                            bank12       000000
__Lbank13                            bank13       000000
__Lbank14                            bank14       000000
__Lbank15                            bank15       000000
__Lbank2                             bank2        000000
__Lbank3                             bank3        000000
__Lbank4                             bank4        000000
__Lbank5                             bank5        000000
__Lbank6                             bank6        000000
__Lbank7                             bank7        000000
__Lbank8                             bank8        000000
__Lbank9                             bank9        000000
__Lbigbss                            bigbss       000000
__Lbigdata                           bigdata      000000
__Lbigram                            bigram       000000
__Lbss                               bss          000000
__LbssCOMRAM                         bssCOMRAM    000000
__Lcinit                             cinit        000000
__Lclrtext                           clrtext      000000
__Lcomram                            comram       000000
__Lconfig                            config       300000
__Lconst                             const        000000
__LcstackCOMRAM                      cstackCOMRAM 000000
__Ldata                              data         000000
__Leeprom_data                       eeprom_data  000000
__Lend_init                          end_init     000018
__Lfarbss                            farbss       000000
__Lfardata                           fardata      000000
__Libigdata                          ibigdata     000000
__Lidata                             idata        000000
__Lidloc                             idloc        200000
__Lifardata                          ifardata     000000
__Linit                              init         000018
__Lintcode                           intcode      000008
__Lintcode_body                      intcode_body 000000
__Lintcodelo                         intcodelo    000018
__Lintentry                          intentry     000000
__Lintret                            intret       000000
__Lintsave_regs                      intsave_regs 000000
__Lirdata                            irdata       000000
__Lmediumconst                       mediumconst  000000
__LnvFARRAM                          nvFARRAM     000000
__Lnvbit                             nvbit        000000
__Lnvrram                            nvrram       000000
__Lparam                             rparam       000000
__Lpowerup                           powerup      000018
__Lram                               ram          000000
__Lramtop                            ramtop       001000
__Lrbit                              rbit         000000
__Lrbss                              rbss         000000
__Lrdata                             rdata        000000
__Lreset_vec                         reset_vec    000000
__Lrparam                            rparam       000000
__Lsfr                               sfr          000000
__Lsmallconst                        smallconst   001000
__Lspace_0                           (abs)        000000
__Lspace_1                           (abs)        000000
__Lspace_2                           (abs)        000000
__Lstack                             stack        000000
__Lstruct                            struct       000000
__Ltemp                              temp         000000
__Ltext                              text         000000
__Ltext0                             text0        000000
__Ltext1                             text1        000000
__Ltext10                            text10       000000
__Ltext11                            text11       000000
__Ltext12                            text12       000000
__Ltext13                            text13       000000
__Ltext14                            text14       000000
__Ltext15                            text15       000000
__Ltext16                            text16       000000
__Ltext17                            text17       000000
__Ltext18                            text18       000000
__Ltext19                            text19       000000
__Ltext2                             text2        000000
__Ltext20                            text20       000000
__Ltext21                            text21       000000
__Ltext22                            text22       000000
__Ltext23                            text23       000000
__Ltext24                            text24       000000
__Ltext25                            text25       000000
__Ltext26                            text26       000000
__Ltext27                            text27       000000
__Ltext28                            text28       000000
__Ltext29                            text29       000000
__Ltext3                             text3        000000
__Ltext30                            text30       000000
__Ltext31                            text31       000000
__Ltext32                            text32       000000
__Ltext33                            text33       000000
__Ltext34                            text34       000000
__Ltext35                            text35       000000
__Ltext36                            text36       000000
__Ltext37                            text37       000000
__Ltext38                            text38       000000
__Ltext39                            text39       000000
__Ltext4                             text4        000000
__Ltext40                            text40       000000
__Ltext41                            text41       000000
__Ltext42                            text42       000000
__Ltext43                            text43       000000
__Ltext44                            text44       000000
__Ltext45                            text45       000000
__Ltext46                            text46       000000
__Ltext47                            text47       000000
__Ltext48                            text48       000000
__Ltext49                            text49       000000
__Ltext5                             text5        000000
__Ltext50                            text50       000000
__Ltext51                            text51       000000
__Ltext52                            text52       000000
__Ltext53                            text53       000000
__Ltext54                            text54       000000
__Ltext55                            text55       000000
__Ltext56                            text56       000000
__Ltext57                            text57       000000
__Ltext6                             text6        000000
__Ltext7                             text7        000000
__Ltext8                             text8        000000
__Ltext9                             text9        000000
__S0                                 (abs)        30000E
__S1                                 (abs)        00002E
__S2                                 (abs)        000000
___inthi_sp                          stack        000000
___intlo_sp                          stack        000000
___sp                                stack        000000
__accesstop                          (abs)        000080
__activetblptr                       (abs)        000003
__end_of_BORtask                     text37       001D98
__end_of_BusyADC                     text12       001F34
__end_of_ConvertADC                  text11       001F86
__end_of_LVtrap                      text53       001DD8
__end_of_OpenADC                     text51       001A38
__end_of_OpenPWM1                    text50       001F00
__end_of_OpenPWM2                    text49       001BD2
__end_of_OpenTimer0                  text52       001DB8
__end_of_OpenTimer2                  text48       001E4A
__end_of_OpenUSART                   text47       00197C
__end_of_PORtask                     text36       001788
__end_of_RESETtask                   text35       001E2E
__end_of_ReadADC                     text10       001F54
__end_of_ReadTimer0                  text25       001EEE
__end_of_STKFULtask                  text34       001DF6
__end_of_SetChanADC                  text9        001E90
__end_of_SetDCPWM1                   text46       001B98
__end_of_SetDCPWM2                   text45       001B5E
__end_of_StatusReset                 text38       001F64
__end_of_WDTtask                     text33       001E12
__end_of_WriteTimer0                 text3        001EDC
__end_of__initialization             cinit        001EC4
__end_of__stringdata                 smallconst   00107E
__end_of_adc                         text8        001D78
__end_of_change_track                text13       0019DA
__end_of_check_sensors               text7        001630
__end_of_check_state                 text5        001F4A
__end_of_clr_mem                     text24       001F5E
__end_of_clr_tmr                     text4        001F28
__end_of_full_stp                    text22       001D54
__end_of_gtrap                       text57       001A96
__end_of_high_isr                    intcode_body 001914
__end_of_initialization              text27       001818
__end_of_isBOR                       text32       001F0E
__end_of_isPOR                       text31       001EB8
__end_of_isWDTTO                     text30       001EA4
__end_of_lvd_flag_set                text26       001F8A
__end_of_main                        text0        001AE4
__end_of_motor_control               text1        0014A2
__end_of_openLVD                     text44       001E7A
__end_of_openPORTA                   text43       001F7C
__end_of_openPORTB                   text42       001F76
__end_of_openPORTCforPWM             text41       001F1C
__end_of_openPORTCforUSART           text40       001F70
__end_of_openPORTD                   text56       001F82
__end_of_openPORTE                   text39       001F6A
__end_of_pirouette_left              text21       001D2E
__end_of_pirouette_right             text20       001D08
__end_of_printf                      text54       001BFC
__end_of_putch                       text55       001F40
__end_of_reset_codes                 text29       001B24
__end_of_set_directive               text14       0016DE
__end_of_set_leds                    text6        001896
__end_of_set_motor_speed             text23       00156C
__end_of_set_osc_32MHz               text28       001C24
__end_of_spin_left                   text19       001CE2
__end_of_spin_right                  text18       001CBC
__end_of_start_tmr                   text2        001E62
__end_of_straight_fwd                text17       001C96
__end_of_turn_left                   text16       001C70
__end_of_turn_right                  text15       001C4A
__end_ofset_motor_speed@motor_speeds smallconst   00100F
__initialization                     cinit        001EB8
__mediumconst                        mediumconst  000000
__pbssCOMRAM                         bssCOMRAM    000020
__pcinit                             cinit        001EB8
__pcstackCOMRAM                      cstackCOMRAM 000001
__pintcode                           intcode      000008
__pintcode_body                      intcode_body 001896
__psmallconst                        smallconst   001000
__ptext0                             text0        001A96
__ptext1                             text1        001080
__ptext10                            text10       001F4A
__ptext11                            text11       001F82
__ptext12                            text12       001F28
__ptext13                            text13       00197C
__ptext14                            text14       001630
__ptext15                            text15       001C24
__ptext16                            text16       001C4A
__ptext17                            text17       001C70
__ptext18                            text18       001C96
__ptext19                            text19       001CBC
__ptext2                             text2        001E4A
__ptext20                            text20       001CE2
__ptext21                            text21       001D08
__ptext22                            text22       001D2E
__ptext23                            text23       0014A2
__ptext24                            text24       001F54
__ptext25                            text25       001EDC
__ptext26                            text26       001F86
__ptext27                            text27       001788
__ptext28                            text28       001BFC
__ptext29                            text29       001AE4
__ptext3                             text3        001ECA
__ptext30                            text30       001E90
__ptext31                            text31       001EA4
__ptext32                            text32       001F00
__ptext33                            text33       001DF6
__ptext34                            text34       001DD8
__ptext35                            text35       001E12
__ptext36                            text36       0016DE
__ptext37                            text37       001D78
__ptext38                            text38       001F5E
__ptext39                            text39       001F64
__ptext4                             text4        001F1C
__ptext40                            text40       001F6A
__ptext41                            text41       001F0E
__ptext42                            text42       001F70
__ptext43                            text43       001F76
__ptext44                            text44       001E62
__ptext45                            text45       001B24
__ptext46                            text46       001B5E
__ptext47                            text47       001914
__ptext48                            text48       001E2E
__ptext49                            text49       001B98
__ptext5                             text5        001F40
__ptext50                            text50       001EEE
__ptext51                            text51       0019DA
__ptext52                            text52       001D98
__ptext53                            text53       001DB8
__ptext54                            text54       001BD2
__ptext55                            text55       001F34
__ptext56                            text56       001F7C
__ptext57                            text57       001A38
__ptext6                             text6        001818
__ptext7                             text7        00156C
__ptext8                             text8        001D54
__ptext9                             text9        001E7A
__ramtop                             ramtop       001000
__size_of_BORtask                    (abs)        000000
__size_of_BusyADC                    (abs)        000000
__size_of_ConvertADC                 (abs)        000000
__size_of_LVtrap                     (abs)        000000
__size_of_OpenADC                    (abs)        000000
__size_of_OpenPWM1                   (abs)        000000
__size_of_OpenPWM2                   (abs)        000000
__size_of_OpenTimer0                 (abs)        000000
__size_of_OpenTimer2                 (abs)        000000
__size_of_OpenUSART                  (abs)        000000
__size_of_PORtask                    (abs)        000000
__size_of_RESETtask                  (abs)        000000
__size_of_ReadADC                    (abs)        000000
__size_of_ReadTimer0                 (abs)        000000
__size_of_STKFULtask                 (abs)        000000
__size_of_SetChanADC                 (abs)        000000
__size_of_SetDCPWM1                  (abs)        000000
__size_of_SetDCPWM2                  (abs)        000000
__size_of_StatusReset                (abs)        000000
__size_of_WDTtask                    (abs)        000000
__size_of_WriteTimer0                (abs)        000000
__size_of_adc                        (abs)        000000
__size_of_change_track               (abs)        000000
__size_of_check_sensors              (abs)        000000
__size_of_check_state                (abs)        000000
__size_of_clr_mem                    (abs)        000000
__size_of_clr_tmr                    (abs)        000000
__size_of_full_stp                   (abs)        000000
__size_of_gtrap                      (abs)        000000
__size_of_high_isr                   (abs)        000000
__size_of_initialization             (abs)        000000
__size_of_isBOR                      (abs)        000000
__size_of_isPOR                      (abs)        000000
__size_of_isWDTTO                    (abs)        000000
__size_of_lvd_flag_set               (abs)        000000
__size_of_main                       (abs)        000000
__size_of_motor_control              (abs)        000000
__size_of_openLVD                    (abs)        000000
__size_of_openPORTA                  (abs)        000000
__size_of_openPORTB                  (abs)        000000
__size_of_openPORTCforPWM            (abs)        000000
__size_of_openPORTCforUSART          (abs)        000000
__size_of_openPORTD                  (abs)        000000
__size_of_openPORTE                  (abs)        000000
__size_of_pirouette_left             (abs)        000000
__size_of_pirouette_right            (abs)        000000
__size_of_printf                     (abs)        000000
__size_of_putch                      (abs)        000000
__size_of_reset_codes                (abs)        000000
__size_of_set_directive              (abs)        000000
__size_of_set_leds                   (abs)        000000
__size_of_set_motor_speed            (abs)        000000
__size_of_set_osc_32MHz              (abs)        000000
__size_of_spin_left                  (abs)        000000
__size_of_spin_right                 (abs)        000000
__size_of_start_tmr                  (abs)        000000
__size_of_straight_fwd               (abs)        000000
__size_of_turn_left                  (abs)        000000
__size_of_turn_right                 (abs)        000000
__smallconst                         smallconst   001000
__stringdata                         smallconst   00100F
_adc                                 text8        001D54
_change_track                        text13       00197C
_check_sensors                       text7        00156C
_check_state                         text5        001F40
_clr_mem                             text24       001F54
_clr_tmr                             text4        001F1C
_count                               bssCOMRAM    000020
_full_stp                            text22       001D2E
_gtrap                               text57       001A38
_high_isr                            intcode      000008
_initialization                      text27       001788
_isBOR                               text32       001F00
_isPOR                               text31       001EA4
_isWDTTO                             text30       001E90
_lvd_flag                            bssCOMRAM    00002D
_lvd_flag_set                        text26       001F86
_main                                text0        001A96
_memory                              bssCOMRAM    000022
_motor_control                       text1        001080
_move_state                          bssCOMRAM    000024
_openLVD                             text44       001E62
_openPORTA                           text43       001F76
_openPORTB                           text42       001F70
_openPORTCforPWM                     text41       001F0E
_openPORTCforUSART                   text40       001F6A
_openPORTD                           text56       001F7C
_openPORTE                           text39       001F64
_pirouette_left                      text21       001D08
_pirouette_right                     text20       001CE2
_printf                              text54       001BD2
_putch                               text55       001F34
_reset_codes                         text29       001AE4
_set_directive                       text14       001630
_set_leds                            text6        001818
_set_motor_speed                     text23       0014A2
_set_osc_32MHz                       text28       001BFC
_side_mem                            bssCOMRAM    000026
_spin_left                           text19       001CBC
_spin_right                          text18       001C96
_start_tmr                           text2        001E4A
_straight_fwd                        text17       001C70
_threshold                           bssCOMRAM    000028
_tmr_state                           bssCOMRAM    00002A
_turn_left                           text16       001C4A
_turn_right                          text15       001C24
adc@channel                          cstackCOMRAM 000013
end_of_initialization                cinit        001EC4
gtrap@count                          cstackCOMRAM 00000F
int_func                             intcode_body 001896
intlevel0                            text         000000
intlevel1                            text         000000
intlevel2                            text         000000
intlevel3                            text         000000
printf@ap                            cstackCOMRAM 000012
printf@c                             cstackCOMRAM 000014
printf@f                             cstackCOMRAM 000010
putch@data                           cstackCOMRAM 00000F
set_directive@directive              cstackCOMRAM 00001E
set_motor_speed@dir_modifier         cstackCOMRAM 00001B
set_motor_speed@duty_cycle           cstackCOMRAM 00001C
set_motor_speed@motor_speed          cstackCOMRAM 000015
set_motor_speed@motor_speeds         smallconst   001001
set_motor_speed@speed_modifier       cstackCOMRAM 000016
set_motor_speed@the_motor            cstackCOMRAM 00001A
set_osc_32MHz@i                      cstackCOMRAM 00000F
stackhi                              (abs)        0009FF
stacklo                              (abs)        000080
start                                init         000018
start_initialization                 cinit        001EB8


FUNCTION INFORMATION:

 *************** function _main *****************
 Defined at:
		line 16 in file "../main.c"
 Parameters:    Size  Location     Type
		None
 Auto vars:     Size  Location     Type
		None
 Return value:  Size  Location     Type
		None               void
 Registers used:
		wreg, status,2, status,0, tblptrl, tblptrh, tblptru, prodl, prodh, cstack
 Tracked objects:
		On entry : 
		On exit  : 
		Unchanged: 
 Data sizes:     COMRAM   BANK0   BANK1   BANK2   BANK3   BANK4   BANK5   BANK6   BANK7   BANK8   BANK9  BANK10  BANK11  BANK12  BANK13  BANK14  BANK15
      Params:         0       0       0       0       0       0       0       0       0       0       0       0       0       0       0       0       0
      Locals:         0       0       0       0       0       0       0       0       0       0       0       0       0       0       0       0       0
      Temps:          0       0       0       0       0       0       0       0       0       0       0       0       0       0       0       0       0
      Totals:         0       0       0       0       0       0       0       0       0       0       0       0       0       0       0       0       0
Total ram usage:        0 bytes
 Hardware stack levels required when called:    7
 This function calls:
		_LVtrap
		_OpenTimer0
		_check_sensors
		_initialization
		_lvd_flag_set
		_motor_control
		_printf
		_set_leds
 This function is called by:
		Startup code after reset
 This function uses a non-reentrant model


 *************** function _motor_control *****************
 Defined at:
		line 140 in file "../motor_control.c"
 Parameters:    Size  Location     Type
		None
 Auto vars:     Size  Location     Type
		None
 Return value:  Size  Location     Type
		None               void
 Registers used:
		wreg, status,2, status,0, tblptrl, tblptrh, tblptru, prodl, prodh, cstack
 Tracked objects:
		On entry : 
		On exit  : 
		Unchanged: 
 Data sizes:     COMRAM   BANK0   BANK1   BANK2   BANK3   BANK4   BANK5   BANK6   BANK7   BANK8   BANK9  BANK10  BANK11  BANK12  BANK13  BANK14  BANK15
      Params:         0       0       0       0       0       0       0       0       0       0       0       0       0       0       0       0       0
      Locals:         0       0       0       0       0       0       0       0       0       0       0       0       0       0       0       0       0
      Temps:          0       0       0       0       0       0       0       0       0       0       0       0       0       0       0       0       0
      Totals:         0       0       0       0       0       0       0       0       0       0       0       0       0       0       0       0       0
Total ram usage:        0 bytes
 Hardware stack levels used:    1
 Hardware stack levels required when called:    6
 This function calls:
		_ReadTimer0
		_change_track
		_check_state
		_clr_tmr
		_full_stp
		_set_directive
		_start_tmr
 This function is called by:
		_main
 This function uses a non-reentrant model


 *************** function _start_tmr *****************
 Defined at:
		line 45 in file "../motor_control.c"
 Parameters:    Size  Location     Type
		None
 Auto vars:     Size  Location     Type
		None
 Return value:  Size  Location     Type
		None               void
 Registers used:
		wreg, status,2, cstack
 Tracked objects:
		On entry : 
		On exit  : 
		Unchanged: 
 Data sizes:     COMRAM   BANK0   BANK1   BANK2   BANK3   BANK4   BANK5   BANK6   BANK7   BANK8   BANK9  BANK10  BANK11  BANK12  BANK13  BANK14  BANK15
      Params:         0       0       0       0       0       0       0       0       0       0       0       0       0       0       0       0       0
      Locals:         0       0       0       0       0       0       0       0       0       0       0       0       0       0       0       0       0
      Temps:          0       0       0       0       0       0       0       0       0       0       0       0       0       0       0       0       0
      Totals:         0       0       0       0       0       0       0       0       0       0       0       0       0       0       0       0       0
Total ram usage:        0 bytes
 Hardware stack levels used:    1
 Hardware stack levels required when called:    2
 This function calls:
		_WriteTimer0
 This function is called by:
		_motor_control
 This function uses a non-reentrant model


 *************** function _WriteTimer0 *****************
 Defined at:
		line 16 in file "/opt/microchip/xc8/v1.33/sources/pic18/plib/Timers/t0write.c"
 Parameters:    Size  Location     Type
  timer0          2   14[COMRAM] unsigned int 
 Auto vars:     Size  Location     Type
  timer           2   16[COMRAM] struct Timers
 Return value:  Size  Location     Type
		None               void
 Registers used:
		None
 Tracked objects:
		On entry : 
		On exit  : 
		Unchanged: 
 Data sizes:     COMRAM   BANK0   BANK1   BANK2   BANK3   BANK4   BANK5   BANK6   BANK7   BANK8   BANK9  BANK10  BANK11  BANK12  BANK13  BANK14  BANK15
      Params:         2       0       0       0       0       0       0       0       0       0       0       0       0       0       0       0       0
      Locals:         2       0       0       0       0       0       0       0       0       0       0       0       0       0       0       0       0
      Temps:          0       0       0       0       0       0       0       0       0       0       0       0       0       0       0       0       0
      Totals:         4       0       0       0       0       0       0       0       0       0       0       0       0       0       0       0       0
Total ram usage:        4 bytes
 Hardware stack levels used:    1
 Hardware stack levels required when called:    1
 This function calls:
		Nothing
 This function is called by:
		_start_tmr
		_start_tmr1
 This function uses a non-reentrant model


 *************** function _clr_tmr *****************
 Defined at:
		line 52 in file "../motor_control.c"
 Parameters:    Size  Location     Type
		None
 Auto vars:     Size  Location     Type
		None
 Return value:  Size  Location     Type
		None               void
 Registers used:
		wreg, status,2
 Tracked objects:
		On entry : 
		On exit  : 
		Unchanged: 
 Data sizes:     COMRAM   BANK0   BANK1   BANK2   BANK3   BANK4   BANK5   BANK6   BANK7   BANK8   BANK9  BANK10  BANK11  BANK12  BANK13  BANK14  BANK15
      Params:         0       0       0       0       0       0       0       0       0       0       0       0       0       0       0       0       0
      Locals:         0       0       0       0       0       0       0       0       0       0       0       0       0       0       0       0       0
      Temps:          0       0       0       0       0       0       0       0       0       0       0       0       0       0       0       0       0
      Totals:         0       0       0       0       0       0       0       0       0       0       0       0       0       0       0       0       0
Total ram usage:        0 bytes
 Hardware stack levels used:    1
 Hardware stack levels required when called:    1
 This function calls:
		Nothing
 This function is called by:
		_motor_control
 This function uses a non-reentrant model


 *************** function _check_state *****************
 Defined at:
		line 101 in file "../motor_control.c"
 Parameters:    Size  Location     Type
		None
 Auto vars:     Size  Location     Type
		None
 Return value:  Size  Location     Type
                  2  312[COMRAM] int 
 Registers used:
		wreg, status,2, status,0, cstack
 Tracked objects:
		On entry : 
		On exit  : 
		Unchanged: 
 Data sizes:     COMRAM   BANK0   BANK1   BANK2   BANK3   BANK4   BANK5   BANK6   BANK7   BANK8   BANK9  BANK10  BANK11  BANK12  BANK13  BANK14  BANK15
      Params:         0       0       0       0       0       0       0       0       0       0       0       0       0       0       0       0       0
      Locals:         0       0       0       0       0       0       0       0       0       0       0       0       0       0       0       0       0
      Temps:          0       0       0       0       0       0       0       0       0       0       0       0       0       0       0       0       0
      Totals:         0       0       0       0       0       0       0       0       0       0       0       0       0       0       0       0       0
Total ram usage:        0 bytes
 Hardware stack levels used:    1
 Hardware stack levels required when called:    4
 This function calls:
		_check_sensors
		_set_leds
 This function is called by:
		_motor_control
 This function uses a non-reentrant model


 *************** function _set_leds *****************
 Defined at:
		line 254 in file "../sumovore.c"
 Parameters:    Size  Location     Type
		None
 Auto vars:     Size  Location     Type
		None
 Return value:  Size  Location     Type
		None               void
 Registers used:
		wreg, status,2, status,0
 Tracked objects:
		On entry : 
		On exit  : 
		Unchanged: 
 Data sizes:     COMRAM   BANK0   BANK1   BANK2   BANK3   BANK4   BANK5   BANK6   BANK7   BANK8   BANK9  BANK10  BANK11  BANK12  BANK13  BANK14  BANK15
      Params:         0       0       0       0       0       0       0       0       0       0       0       0       0       0       0       0       0
      Locals:         0       0       0       0       0       0       0       0       0       0       0       0       0       0       0       0       0
      Temps:          1       0       0       0       0       0       0       0       0       0       0       0       0       0       0       0       0
      Totals:         1       0       0       0       0       0       0       0       0       0       0       0       0       0       0       0       0
Total ram usage:        1 bytes
 Hardware stack levels used:    1
 Hardware stack levels required when called:    1
 This function calls:
		Nothing
 This function is called by:
		_main
		_check_state
 This function uses a non-reentrant model


 *************** function _check_sensors *****************
 Defined at:
		line 240 in file "../sumovore.c"
 Parameters:    Size  Location     Type
		None
 Auto vars:     Size  Location     Type
		None
 Return value:  Size  Location     Type
		None               void
 Registers used:
		wreg, status,2, status,0, cstack
 Tracked objects:
		On entry : 
		On exit  : 
		Unchanged: 
 Data sizes:     COMRAM   BANK0   BANK1   BANK2   BANK3   BANK4   BANK5   BANK6   BANK7   BANK8   BANK9  BANK10  BANK11  BANK12  BANK13  BANK14  BANK15
      Params:         0       0       0       0       0       0       0       0       0       0       0       0       0       0       0       0       0
      Locals:         0       0       0       0       0       0       0       0       0       0       0       0       0       0       0       0       0
      Temps:          1       0       0       0       0       0       0       0       0       0       0       0       0       0       0       0       0
      Totals:         1       0       0       0       0       0       0       0       0       0       0       0       0       0       0       0       0
Total ram usage:        1 bytes
 Hardware stack levels used:    1
 Hardware stack levels required when called:    3
 This function calls:
		_adc
 This function is called by:
		_main
		_check_state
 This function uses a non-reentrant model


 *************** function _adc *****************
 Defined at:
		line 228 in file "../sumovore.c"
 Parameters:    Size  Location     Type
  channel         1    wreg     unsigned char 
 Auto vars:     Size  Location     Type
  channel         1   18[COMRAM] unsigned char 
 Return value:  Size  Location     Type
                  2   16[COMRAM] unsigned int 
 Registers used:
		wreg, status,2, status,0, cstack
 Tracked objects:
		On entry : 
		On exit  : 
		Unchanged: 
 Data sizes:     COMRAM   BANK0   BANK1   BANK2   BANK3   BANK4   BANK5   BANK6   BANK7   BANK8   BANK9  BANK10  BANK11  BANK12  BANK13  BANK14  BANK15
      Params:         2       0       0       0       0       0       0       0       0       0       0       0       0       0       0       0       0
      Locals:         1       0       0       0       0       0       0       0       0       0       0       0       0       0       0       0       0
      Temps:          0       0       0       0       0       0       0       0       0       0       0       0       0       0       0       0       0
      Totals:         3       0       0       0       0       0       0       0       0       0       0       0       0       0       0       0       0
Total ram usage:        3 bytes
 Hardware stack levels used:    1
 Hardware stack levels required when called:    2
 This function calls:
		_BusyADC
		_ConvertADC
		_ReadADC
		_SetChanADC
 This function is called by:
		_check_sensors
 This function uses a non-reentrant model


 *************** function _SetChanADC *****************
 Defined at:
		line 30 in file "/opt/microchip/xc8/v1.33/sources/pic18/plib/ADC/adcsetch.c"
 Parameters:    Size  Location     Type
  channel         1    wreg     unsigned char 
 Auto vars:     Size  Location     Type
  channel         1   15[COMRAM] unsigned char 
 Return value:  Size  Location     Type
		None               void
 Registers used:
		wreg, status,2, status,0
 Tracked objects:
		On entry : 
		On exit  : 
		Unchanged: 
 Data sizes:     COMRAM   BANK0   BANK1   BANK2   BANK3   BANK4   BANK5   BANK6   BANK7   BANK8   BANK9  BANK10  BANK11  BANK12  BANK13  BANK14  BANK15
      Params:         0       0       0       0       0       0       0       0       0       0       0       0       0       0       0       0       0
      Locals:         1       0       0       0       0       0       0       0       0       0       0       0       0       0       0       0       0
      Temps:          1       0       0       0       0       0       0       0       0       0       0       0       0       0       0       0       0
      Totals:         2       0       0       0       0       0       0       0       0       0       0       0       0       0       0       0       0
Total ram usage:        2 bytes
 Hardware stack levels used:    1
 Hardware stack levels required when called:    1
 This function calls:
		Nothing
 This function is called by:
		_adc
 This function uses a non-reentrant model


 *************** function _ReadADC *****************
 Defined at:
		line 24 in file "/opt/microchip/xc8/v1.33/sources/pic18/plib/ADC/adcread.c"
 Parameters:    Size  Location     Type
		None
 Auto vars:     Size  Location     Type
		None
 Return value:  Size  Location     Type
                  2   14[COMRAM] int 
 Registers used:
		wreg, status,2
 Tracked objects:
		On entry : 
		On exit  : 
		Unchanged: 
 Data sizes:     COMRAM   BANK0   BANK1   BANK2   BANK3   BANK4   BANK5   BANK6   BANK7   BANK8   BANK9  BANK10  BANK11  BANK12  BANK13  BANK14  BANK15
      Params:         2       0       0       0       0       0       0       0       0       0       0       0       0       0       0       0       0
      Locals:         0       0       0       0       0       0       0       0       0       0       0       0       0       0       0       0       0
      Temps:          0       0       0       0       0       0       0       0       0       0       0       0       0       0       0       0       0
      Totals:         2       0       0       0       0       0       0       0       0       0       0       0       0       0       0       0       0
Total ram usage:        2 bytes
 Hardware stack levels used:    1
 Hardware stack levels required when called:    1
 This function calls:
		Nothing
 This function is called by:
		_adc
 This function uses a non-reentrant model


 *************** function _ConvertADC *****************
 Defined at:
		line 22 in file "/opt/microchip/xc8/v1.33/sources/pic18/plib/ADC/adcconv.c"
 Parameters:    Size  Location     Type
		None
 Auto vars:     Size  Location     Type
		None
 Return value:  Size  Location     Type
		None               void
 Registers used:
		None
 Tracked objects:
		On entry : 
		On exit  : 
		Unchanged: 
 Data sizes:     COMRAM   BANK0   BANK1   BANK2   BANK3   BANK4   BANK5   BANK6   BANK7   BANK8   BANK9  BANK10  BANK11  BANK12  BANK13  BANK14  BANK15
      Params:         0       0       0       0       0       0       0       0       0       0       0       0       0       0       0       0       0
      Locals:         0       0       0       0       0       0       0       0       0       0       0       0       0       0       0       0       0
      Temps:          0       0       0       0       0       0       0       0       0       0       0       0       0       0       0       0       0
      Totals:         0       0       0       0       0       0       0       0       0       0       0       0       0       0       0       0       0
Total ram usage:        0 bytes
 Hardware stack levels used:    1
 Hardware stack levels required when called:    1
 This function calls:
		Nothing
 This function is called by:
		_adc
 This function uses a non-reentrant model


 *************** function _BusyADC *****************
 Defined at:
		line 26 in file "/opt/microchip/xc8/v1.33/sources/pic18/plib/ADC/adcbusy.c"
 Parameters:    Size  Location     Type
		None
 Auto vars:     Size  Location     Type
		None
 Return value:  Size  Location     Type
                  1    wreg      unsigned char 
 Registers used:
		wreg
 Tracked objects:
		On entry : 
		On exit  : 
		Unchanged: 
 Data sizes:     COMRAM   BANK0   BANK1   BANK2   BANK3   BANK4   BANK5   BANK6   BANK7   BANK8   BANK9  BANK10  BANK11  BANK12  BANK13  BANK14  BANK15
      Params:         0       0       0       0       0       0       0       0       0       0       0       0       0       0       0       0       0
      Locals:         0       0       0       0       0       0       0       0       0       0       0       0       0       0       0       0       0
      Temps:          0       0       0       0       0       0       0       0       0       0       0       0       0       0       0       0       0
      Totals:         0       0       0       0       0       0       0       0       0       0       0       0       0       0       0       0       0
Total ram usage:        0 bytes
 Hardware stack levels used:    1
 Hardware stack levels required when called:    1
 This function calls:
		Nothing
 This function is called by:
		_adc
 This function uses a non-reentrant model


 *************** function _change_track *****************
 Defined at:
		line 116 in file "../motor_control.c"
 Parameters:    Size  Location     Type
		None
 Auto vars:     Size  Location     Type
		None
 Return value:  Size  Location     Type
		None               void
 Registers used:
		wreg, status,2, status,0, tblptrl, tblptrh, tblptru, prodl, prodh, cstack
 Tracked objects:
		On entry : 
		On exit  : 
		Unchanged: 
 Data sizes:     COMRAM   BANK0   BANK1   BANK2   BANK3   BANK4   BANK5   BANK6   BANK7   BANK8   BANK9  BANK10  BANK11  BANK12  BANK13  BANK14  BANK15
      Params:         0       0       0       0       0       0       0       0       0       0       0       0       0       0       0       0       0
      Locals:         0       0       0       0       0       0       0       0       0       0       0       0       0       0       0       0       0
      Temps:          0       0       0       0       0       0       0       0       0       0       0       0       0       0       0       0       0
      Totals:         0       0       0       0       0       0       0       0       0       0       0       0       0       0       0       0       0
Total ram usage:        0 bytes
 Hardware stack levels used:    1
 Hardware stack levels required when called:    5
 This function calls:
		_clr_mem
		_set_directive
 This function is called by:
		_motor_control
 This function uses a non-reentrant model


 *************** function _set_directive *****************
 Defined at:
		line 63 in file "../motor_control.c"
 Parameters:    Size  Location     Type
  directive       2   29[COMRAM] int 
 Auto vars:     Size  Location     Type
		None
 Return value:  Size  Location     Type
		None               void
 Registers used:
		wreg, status,2, status,0, tblptrl, tblptrh, tblptru, prodl, prodh, cstack
 Tracked objects:
		On entry : 
		On exit  : 
		Unchanged: 
 Data sizes:     COMRAM   BANK0   BANK1   BANK2   BANK3   BANK4   BANK5   BANK6   BANK7   BANK8   BANK9  BANK10  BANK11  BANK12  BANK13  BANK14  BANK15
      Params:         2       0       0       0       0       0       0       0       0       0       0       0       0       0       0       0       0
      Locals:         0       0       0       0       0       0       0       0       0       0       0       0       0       0       0       0       0
      Temps:          0       0       0       0       0       0       0       0       0       0       0       0       0       0       0       0       0
      Totals:         2       0       0       0       0       0       0       0       0       0       0       0       0       0       0       0       0
Total ram usage:        2 bytes
 Hardware stack levels used:    1
 Hardware stack levels required when called:    4
 This function calls:
		_full_stp
		_pirouette_left
		_pirouette_right
		_spin_left
		_spin_right
		_straight_fwd
		_turn_left
		_turn_right
 This function is called by:
		_change_track
		_motor_control
 This function uses a non-reentrant model


 *************** function _turn_right *****************
 Defined at:
		line 419 in file "../motor_control.c"
 Parameters:    Size  Location     Type
		None
 Auto vars:     Size  Location     Type
		None
 Return value:  Size  Location     Type
		None               void
 Registers used:
		wreg, status,2, status,0, tblptrl, tblptrh, tblptru, prodl, prodh, cstack
 Tracked objects:
		On entry : 
		On exit  : 
		Unchanged: 
 Data sizes:     COMRAM   BANK0   BANK1   BANK2   BANK3   BANK4   BANK5   BANK6   BANK7   BANK8   BANK9  BANK10  BANK11  BANK12  BANK13  BANK14  BANK15
      Params:         0       0       0       0       0       0       0       0       0       0       0       0       0       0       0       0       0
      Locals:         0       0       0       0       0       0       0       0       0       0       0       0       0       0       0       0       0
      Temps:          0       0       0       0       0       0       0       0       0       0       0       0       0       0       0       0       0
      Totals:         0       0       0       0       0       0       0       0       0       0       0       0       0       0       0       0       0
Total ram usage:        0 bytes
 Hardware stack levels used:    1
 Hardware stack levels required when called:    3
 This function calls:
		_set_motor_speed
 This function is called by:
		_set_directive
		_follow_simple_curves
 This function uses a non-reentrant model


 *************** function _turn_left *****************
 Defined at:
		line 404 in file "../motor_control.c"
 Parameters:    Size  Location     Type
		None
 Auto vars:     Size  Location     Type
		None
 Return value:  Size  Location     Type
		None               void
 Registers used:
		wreg, status,2, status,0, tblptrl, tblptrh, tblptru, prodl, prodh, cstack
 Tracked objects:
		On entry : 
		On exit  : 
		Unchanged: 
 Data sizes:     COMRAM   BANK0   BANK1   BANK2   BANK3   BANK4   BANK5   BANK6   BANK7   BANK8   BANK9  BANK10  BANK11  BANK12  BANK13  BANK14  BANK15
      Params:         0       0       0       0       0       0       0       0       0       0       0       0       0       0       0       0       0
      Locals:         0       0       0       0       0       0       0       0       0       0       0       0       0       0       0       0       0
      Temps:          0       0       0       0       0       0       0       0       0       0       0       0       0       0       0       0       0
      Totals:         0       0       0       0       0       0       0       0       0       0       0       0       0       0       0       0       0
Total ram usage:        0 bytes
 Hardware stack levels used:    1
 Hardware stack levels required when called:    3
 This function calls:
		_set_motor_speed
 This function is called by:
		_set_directive
		_follow_simple_curves
 This function uses a non-reentrant model


 *************** function _straight_fwd *****************
 Defined at:
		line 409 in file "../motor_control.c"
 Parameters:    Size  Location     Type
		None
 Auto vars:     Size  Location     Type
		None
 Return value:  Size  Location     Type
		None               void
 Registers used:
		wreg, status,2, status,0, tblptrl, tblptrh, tblptru, prodl, prodh, cstack
 Tracked objects:
		On entry : 
		On exit  : 
		Unchanged: 
 Data sizes:     COMRAM   BANK0   BANK1   BANK2   BANK3   BANK4   BANK5   BANK6   BANK7   BANK8   BANK9  BANK10  BANK11  BANK12  BANK13  BANK14  BANK15
      Params:         0       0       0       0       0       0       0       0       0       0       0       0       0       0       0       0       0
      Locals:         0       0       0       0       0       0       0       0       0       0       0       0       0       0       0       0       0
      Temps:          0       0       0       0       0       0       0       0       0       0       0       0       0       0       0       0       0
      Totals:         0       0       0       0       0       0       0       0       0       0       0       0       0       0       0       0       0
Total ram usage:        0 bytes
 Hardware stack levels used:    1
 Hardware stack levels required when called:    3
 This function calls:
		_set_motor_speed
 This function is called by:
		_set_directive
		_follow_simple_curves
 This function uses a non-reentrant model


 *************** function _spin_right *****************
 Defined at:
		line 414 in file "../motor_control.c"
 Parameters:    Size  Location     Type
		None
 Auto vars:     Size  Location     Type
		None
 Return value:  Size  Location     Type
		None               void
 Registers used:
		wreg, status,2, status,0, tblptrl, tblptrh, tblptru, prodl, prodh, cstack
 Tracked objects:
		On entry : 
		On exit  : 
		Unchanged: 
 Data sizes:     COMRAM   BANK0   BANK1   BANK2   BANK3   BANK4   BANK5   BANK6   BANK7   BANK8   BANK9  BANK10  BANK11  BANK12  BANK13  BANK14  BANK15
      Params:         0       0       0       0       0       0       0       0       0       0       0       0       0       0       0       0       0
      Locals:         0       0       0       0       0       0       0       0       0       0       0       0       0       0       0       0       0
      Temps:          0       0       0       0       0       0       0       0       0       0       0       0       0       0       0       0       0
[...]
      Temps:          1       0       0       0       0       0       0       0       0       0       0       0       0       0       0       0       0
      Totals:         3       0       0       0       0       0       0       0       0       0       0       0       0       0       0       0       0
Total ram usage:        3 bytes
 Hardware stack levels used:    1
 Hardware stack levels required when called:    1
 This function calls:
		Nothing
 This function is called by:
		_initialization
 This function uses a non-reentrant model


 *************** function _OpenPWM1 *****************
 Defined at:
		line 8 in file "/opt/microchip/xc8/v1.33/sources/pic18/plib/PWM/pw1open.c"
 Parameters:    Size  Location     Type
  period          1    wreg     unsigned char 
 Auto vars:     Size  Location     Type
  period          1   14[COMRAM] unsigned char 
 Return value:  Size  Location     Type
		None               void
 Registers used:
		wreg, status,2, status,0
 Tracked objects:
		On entry : 
		On exit  : 
		Unchanged: 
 Data sizes:     COMRAM   BANK0   BANK1   BANK2   BANK3   BANK4   BANK5   BANK6   BANK7   BANK8   BANK9  BANK10  BANK11  BANK12  BANK13  BANK14  BANK15
      Params:         0       0       0       0       0       0       0       0       0       0       0       0       0       0       0       0       0
      Locals:         1       0       0       0       0       0       0       0       0       0       0       0       0       0       0       0       0
      Temps:          0       0       0       0       0       0       0       0       0       0       0       0       0       0       0       0       0
      Totals:         1       0       0       0       0       0       0       0       0       0       0       0       0       0       0       0       0
Total ram usage:        1 bytes
 Hardware stack levels used:    1
 Hardware stack levels required when called:    1
 This function calls:
		Nothing
 This function is called by:
		_initialization
 This function uses a non-reentrant model


 *************** function _OpenADC *****************
 Defined at:
		line 68 in file "/opt/microchip/xc8/v1.33/sources/pic18/plib/ADC/adcopen.c"
 Parameters:    Size  Location     Type
  config          1    wreg     unsigned char 
  config2         1   14[COMRAM] unsigned char 
  portconfig      1   15[COMRAM] unsigned char 
 Auto vars:     Size  Location     Type
  config          1   18[COMRAM] unsigned char 
 Return value:  Size  Location     Type
		None               void
 Registers used:
		wreg, status,2, status,0
 Tracked objects:
		On entry : 
		On exit  : 
		Unchanged: 
 Data sizes:     COMRAM   BANK0   BANK1   BANK2   BANK3   BANK4   BANK5   BANK6   BANK7   BANK8   BANK9  BANK10  BANK11  BANK12  BANK13  BANK14  BANK15
      Params:         2       0       0       0       0       0       0       0       0       0       0       0       0       0       0       0       0
      Locals:         1       0       0       0       0       0       0       0       0       0       0       0       0       0       0       0       0
      Temps:          2       0       0       0       0       0       0       0       0       0       0       0       0       0       0       0       0
      Totals:         5       0       0       0       0       0       0       0       0       0       0       0       0       0       0       0       0
Total ram usage:        5 bytes
 Hardware stack levels used:    1
 Hardware stack levels required when called:    1
 This function calls:
		Nothing
 This function is called by:
		_initialization
 This function uses a non-reentrant model


 *************** function _OpenTimer0 *****************
 Defined at:
		line 18 in file "/opt/microchip/xc8/v1.33/sources/pic18/plib/Timers/t0open.c"
 Parameters:    Size  Location     Type
  config          1    wreg     unsigned char 
 Auto vars:     Size  Location     Type
  config          1   14[COMRAM] unsigned char 
 Return value:  Size  Location     Type
		None               void
 Registers used:
		wreg, status,2, status,0
 Tracked objects:
		On entry : 
		On exit  : 
		Unchanged: 
 Data sizes:     COMRAM   BANK0   BANK1   BANK2   BANK3   BANK4   BANK5   BANK6   BANK7   BANK8   BANK9  BANK10  BANK11  BANK12  BANK13  BANK14  BANK15
      Params:         0       0       0       0       0       0       0       0       0       0       0       0       0       0       0       0       0
      Locals:         1       0       0       0       0       0       0       0       0       0       0       0       0       0       0       0       0
      Temps:          0       0       0       0       0       0       0       0       0       0       0       0       0       0       0       0       0
      Totals:         1       0       0       0       0       0       0       0       0       0       0       0       0       0       0       0       0
Total ram usage:        1 bytes
 Hardware stack levels used:    1
 Hardware stack levels required when called:    1
 This function calls:
		Nothing
 This function is called by:
		_main
 This function uses a non-reentrant model


 *************** function _LVtrap *****************
 Defined at:
		line 447 in file "../sumovore.c"
 Parameters:    Size  Location     Type
		None
 Auto vars:     Size  Location     Type
		None
 Return value:  Size  Location     Type
		None               void
 Registers used:
		wreg, status,2, status,0, tblptrl, tblptrh, tblptru, cstack
 Tracked objects:
		On entry : 
		On exit  : 
		Unchanged: 
 Data sizes:     COMRAM   BANK0   BANK1   BANK2   BANK3   BANK4   BANK5   BANK6   BANK7   BANK8   BANK9  BANK10  BANK11  BANK12  BANK13  BANK14  BANK15
      Params:         0       0       0       0       0       0       0       0       0       0       0       0       0       0       0       0       0
      Locals:         0       0       0       0       0       0       0       0       0       0       0       0       0       0       0       0       0
      Temps:          0       0       0       0       0       0       0       0       0       0       0       0       0       0       0       0       0
      Totals:         0       0       0       0       0       0       0       0       0       0       0       0       0       0       0       0       0
Total ram usage:        0 bytes
 Hardware stack levels used:    1
 Hardware stack levels required when called:    3
 This function calls:
		_gtrap
		_openPORTD
		_printf
 This function is called by:
		_main
 This function uses a non-reentrant model


 *************** function _printf *****************
 Defined at:
		line 464 in file "/opt/microchip/xc8/v1.33/sources/common/doprnt.c"
 Parameters:    Size  Location     Type
  f               2   15[COMRAM] PTR const unsigned char 
		 -> STR_7(7), STR_6(10), STR_5(9), STR_4(9), 
		 -> STR_3(6), STR_2(6), STR_1(64), 
 Auto vars:     Size  Location     Type
  _val            5    0        struct .
  ap              2   17[COMRAM] PTR void [1]
		 -> ?_printf(2), 
  c               1   19[COMRAM] char 
  flag            1    0        unsigned char 
  prec            1    0        char 
 Return value:  Size  Location     Type
                  2   15[COMRAM] int 
 Registers used:
		wreg, status,2, status,0, tblptrl, tblptrh, tblptru, cstack
 Tracked objects:
		On entry : 
		On exit  : 
		Unchanged: 
 Data sizes:     COMRAM   BANK0   BANK1   BANK2   BANK3   BANK4   BANK5   BANK6   BANK7   BANK8   BANK9  BANK10  BANK11  BANK12  BANK13  BANK14  BANK15
      Params:         2       0       0       0       0       0       0       0       0       0       0       0       0       0       0       0       0
      Locals:         3       0       0       0       0       0       0       0       0       0       0       0       0       0       0       0       0
      Temps:          0       0       0       0       0       0       0       0       0       0       0       0       0       0       0       0       0
      Totals:         5       0       0       0       0       0       0       0       0       0       0       0       0       0       0       0       0
Total ram usage:        5 bytes
 Hardware stack levels used:    1
 Hardware stack levels required when called:    2
 This function calls:
		_putch
 This function is called by:
		_main
		_PORtask
		_BORtask
		_WDTtask
		_STKFULtask
		_RESETtask
		_LVtrap
 This function uses a non-reentrant model


 *************** function _putch *****************
 Defined at:
		line 51 in file "../../Common/configureUSART.c"
 Parameters:    Size  Location     Type
  data            1    wreg     unsigned char 
 Auto vars:     Size  Location     Type
  data            1   14[COMRAM] unsigned char 
 Return value:  Size  Location     Type
		None               void
 Registers used:
		wreg
 Tracked objects:
		On entry : 
		On exit  : 
		Unchanged: 
 Data sizes:     COMRAM   BANK0   BANK1   BANK2   BANK3   BANK4   BANK5   BANK6   BANK7   BANK8   BANK9  BANK10  BANK11  BANK12  BANK13  BANK14  BANK15
      Params:         0       0       0       0       0       0       0       0       0       0       0       0       0       0       0       0       0
      Locals:         1       0       0       0       0       0       0       0       0       0       0       0       0       0       0       0       0
      Temps:          0       0       0       0       0       0       0       0       0       0       0       0       0       0       0       0       0
      Totals:         1       0       0       0       0       0       0       0       0       0       0       0       0       0       0       0       0
Total ram usage:        1 bytes
 Hardware stack levels used:    1
 Hardware stack levels required when called:    1
 This function calls:
		Nothing
 This function is called by:
		_printf
 This function uses a non-reentrant model


 *************** function _openPORTD *****************
 Defined at:
		line 167 in file "../sumovore.c"
 Parameters:    Size  Location     Type
		None
 Auto vars:     Size  Location     Type
		None
 Return value:  Size  Location     Type
		None               void
 Registers used:
		wreg, status,2
 Tracked objects:
		On entry : 
		On exit  : 
		Unchanged: 
 Data sizes:     COMRAM   BANK0   BANK1   BANK2   BANK3   BANK4   BANK5   BANK6   BANK7   BANK8   BANK9  BANK10  BANK11  BANK12  BANK13  BANK14  BANK15
      Params:         0       0       0       0       0       0       0       0       0       0       0       0       0       0       0       0       0
      Locals:         0       0       0       0       0       0       0       0       0       0       0       0       0       0       0       0       0
      Temps:          0       0       0       0       0       0       0       0       0       0       0       0       0       0       0       0       0
      Totals:         0       0       0       0       0       0       0       0       0       0       0       0       0       0       0       0       0
Total ram usage:        0 bytes
 Hardware stack levels used:    1
 Hardware stack levels required when called:    1
 This function calls:
		Nothing
 This function is called by:
		_initialization
		_LVtrap
 This function uses a non-reentrant model


 *************** function _gtrap *****************
 Defined at:
		line 462 in file "../sumovore.c"
 Parameters:    Size  Location     Type
		None
 Auto vars:     Size  Location     Type
  count           4   14[COMRAM] unsigned long 
 Return value:  Size  Location     Type
		None               void
 Registers used:
		wreg, status,2, status,0
 Tracked objects:
		On entry : 
		On exit  : 
		Unchanged: 
 Data sizes:     COMRAM   BANK0   BANK1   BANK2   BANK3   BANK4   BANK5   BANK6   BANK7   BANK8   BANK9  BANK10  BANK11  BANK12  BANK13  BANK14  BANK15
      Params:         0       0       0       0       0       0       0       0       0       0       0       0       0       0       0       0       0
      Locals:         4       0       0       0       0       0       0       0       0       0       0       0       0       0       0       0       0
      Temps:          0       0       0       0       0       0       0       0       0       0       0       0       0       0       0       0       0
      Totals:         4       0       0       0       0       0       0       0       0       0       0       0       0       0       0       0       0
Total ram usage:        4 bytes
 Hardware stack levels used:    1
 Hardware stack levels required when called:    1
 This function calls:
		Nothing
 This function is called by:
		_BORtask
		_WDTtask
		_STKFULtask
		_RESETtask
		_LVtrap
 This function uses a non-reentrant model


 *************** function _high_isr *****************
 Defined at:
		line 24 in file "../interrupts.c"
 Parameters:    Size  Location     Type
		None
 Auto vars:     Size  Location     Type
		None
 Return value:  Size  Location     Type
		None               void
 Registers used:
		wreg, status,2
 Tracked objects:
		On entry : 
		On exit  : 
		Unchanged: 
 Data sizes:     COMRAM   BANK0   BANK1   BANK2   BANK3   BANK4   BANK5   BANK6   BANK7   BANK8   BANK9  BANK10  BANK11  BANK12  BANK13  BANK14  BANK15
      Params:         0       0       0       0       0       0       0       0       0       0       0       0       0       0       0       0       0
      Locals:         0       0       0       0       0       0       0       0       0       0       0       0       0       0       0       0       0
      Temps:         14       0       0       0       0       0       0       0       0       0       0       0       0       0       0       0       0
      Totals:        14       0       0       0       0       0       0       0       0       0       0       0       0       0       0       0       0
Total ram usage:       14 bytes
 Hardware stack levels used:    1
 This function calls:
		Nothing
 This function is called by:
		Interrupt level 2
 This function uses a non-reentrant model



MODULE INFORMATION

Module		Function		Class		Link	Load	Size
../main.c
		_main          		CODE           	1A96	0000	78

../main.c estimated size: 78

/opt/microchip/xc8/v1.33/sources/pic18/plib/ADC/adcsetch.c
		_SetChanADC    		CODE           	1E7A	0000	22

/opt/microchip/xc8/v1.33/sources/pic18/plib/ADC/adcsetch.c estimated size: 22

/opt/microchip/xc8/v1.33/sources/pic18/plib/reset/ispor.c
		_isPOR         		CODE           	1EA4	0000	20

/opt/microchip/xc8/v1.33/sources/pic18/plib/reset/ispor.c estimated size: 20

../motor_control.c
		_clr_mem       		CODE           	1F54	0000	10
		_straight_fwd  		CODE           	1C70	0000	38
		_turn_left     		CODE           	1C4A	0000	38
		_start_tmr     		CODE           	1E4A	0000	24
		_pirouette_righ		CODE           	1CE2	0000	38
		_full_stp      		CODE           	1D2E	0000	38
		_clr_tmr       		CODE           	1F1C	0000	12
		_check_state   		CODE           	1F40	0000	10
		_spin_right    		CODE           	1C96	0000	38
		_set_directive 		CODE           	1630	0000	174
		_spin_left     		CODE           	1CBC	0000	38
		_motor_control 		CODE           	1080	0000	1058
		_change_track  		CODE           	197C	0000	94
		_pirouette_left		CODE           	1D08	0000	38
		_turn_right    		CODE           	1C24	0000	38

../motor_control.c estimated size: 1686

/opt/microchip/xc8/v1.33/sources/pic18/plib/PWM/pw1open.c
		_OpenPWM1      		CODE           	1EEE	0000	18

/opt/microchip/xc8/v1.33/sources/pic18/plib/PWM/pw1open.c estimated size: 18

/opt/microchip/xc8/v1.33/sources/pic18/plib/Timers/t0open.c
		_OpenTimer0    		CODE           	1D98	0000	32

/opt/microchip/xc8/v1.33/sources/pic18/plib/Timers/t0open.c estimated size: 32

/opt/microchip/xc8/v1.33/sources/pic18/plib/reset/statrst.c
		_StatusReset   		CODE           	1F5E	0000	6

/opt/microchip/xc8/v1.33/sources/pic18/plib/reset/statrst.c estimated size: 6

/opt/microchip/xc8/v1.33/sources/pic18/plib/Timers/t0write.c
		_WriteTimer0   		CODE           	1ECA	0000	18

/opt/microchip/xc8/v1.33/sources/pic18/plib/Timers/t0write.c estimated size: 18

/opt/microchip/xc8/v1.33/sources/pic18/plib/reset/isbor.c
		_isBOR         		CODE           	1F00	0000	14

/opt/microchip/xc8/v1.33/sources/pic18/plib/reset/isbor.c estimated size: 14

../interrupts.c
		_high_isr      		CODE           	0008	0000	6412
		_lvd_flag_set  		CODE           	1F86	0000	4

../interrupts.c estimated size: 6416

/opt/microchip/xc8/v1.33/sources/pic18/plib/reset/iswdtto.c
		_isWDTTO       		CODE           	1E90	0000	20

/opt/microchip/xc8/v1.33/sources/pic18/plib/reset/iswdtto.c estimated size: 20

/opt/microchip/xc8/v1.33/sources/pic18/plib/ADC/adcbusy.c
		_BusyADC       		CODE           	1F28	0000	12

/opt/microchip/xc8/v1.33/sources/pic18/plib/ADC/adcbusy.c estimated size: 12

/opt/microchip/xc8/v1.33/sources/pic18/plib/Timers/t0read.c
		_ReadTimer0    		CODE           	1EDC	0000	18

/opt/microchip/xc8/v1.33/sources/pic18/plib/Timers/t0read.c estimated size: 18

/opt/microchip/xc8/v1.33/sources/pic18/plib/ADC/adcopen.c
		_OpenADC       		CODE           	19DA	0000	94

/opt/microchip/xc8/v1.33/sources/pic18/plib/ADC/adcopen.c estimated size: 94

/opt/microchip/xc8/v1.33/sources/pic18/plib/Timers/t2open.c
		_OpenTimer2    		CODE           	1E2E	0000	28

/opt/microchip/xc8/v1.33/sources/pic18/plib/Timers/t2open.c estimated size: 28

/opt/microchip/xc8/v1.33/sources/pic18/plib/PWM/pw2setdc.c
		_SetDCPWM2     		CODE           	1B24	0000	58

/opt/microchip/xc8/v1.33/sources/pic18/plib/PWM/pw2setdc.c estimated size: 58

/opt/microchip/xc8/v1.33/sources/common/doprnt.c
		_printf        		CODE           	1BD2	0000	42

/opt/microchip/xc8/v1.33/sources/common/doprnt.c estimated size: 42

shared
		__stringdata   		SMALLCONST     	100F	0000	111
		__initializatio		CODE           	1EB8	0000	12
		set_motor_speed		SMALLCONST     	1001	0000	14

shared estimated size: 137

../../Common/configureUSART.c
		_putch         		CODE           	1F34	0000	12

../../Common/configureUSART.c estimated size: 12

../../Common/osc.c
		_set_osc_32MHz 		CODE           	1BFC	0000	40

../../Common/osc.c estimated size: 40

../sumovore.c
		_RESETtask     		CODE           	1E12	0000	28
		_initialization		CODE           	1788	0000	144
		_gtrap         		CODE           	1A38	0000	94
		_openPORTCforPW		CODE           	1F0E	0000	14
		_adc           		CODE           	1D54	0000	36
		_check_sensors 		CODE           	156C	0000	196
		_openPORTCforUS		CODE           	1F6A	0000	6
		_STKFULtask    		CODE           	1DD8	0000	30
		_LVtrap        		CODE           	1DB8	0000	32
		_set_leds      		CODE           	1818	0000	126
		_openPORTA     		CODE           	1F76	0000	6
		_openPORTB     		CODE           	1F70	0000	6
		_openPORTD     		CODE           	1F7C	0000	6
		_openPORTE     		CODE           	1F64	0000	6
		_BORtask       		CODE           	1D78	0000	32
		_reset_codes   		CODE           	1AE4	0000	64
		_openLVD       		CODE           	1E62	0000	24
		_WDTtask       		CODE           	1DF6	0000	28
		_set_motor_spee		CODE           	14A2	0000	202
		_PORtask       		CODE           	16DE	0000	170

../sumovore.c estimated size: 1250

/opt/microchip/xc8/v1.33/sources/pic18/plib/USART/uopen.c
		_OpenUSART     		CODE           	1914	0000	104

/opt/microchip/xc8/v1.33/sources/pic18/plib/USART/uopen.c estimated size: 104

/opt/microchip/xc8/v1.33/sources/pic18/plib/ADC/adcread.c
		_ReadADC       		CODE           	1F4A	0000	10

/opt/microchip/xc8/v1.33/sources/pic18/plib/ADC/adcread.c estimated size: 10

/opt/microchip/xc8/v1.33/sources/pic18/plib/PWM/pw1setdc.c
		_SetDCPWM1     		CODE           	1B5E	0000	58

/opt/microchip/xc8/v1.33/sources/pic18/plib/PWM/pw1setdc.c estimated size: 58

/opt/microchip/xc8/v1.33/sources/pic18/plib/PWM/pw2open.c
		_OpenPWM2      		CODE           	1B98	0000	58

/opt/microchip/xc8/v1.33/sources/pic18/plib/PWM/pw2open.c estimated size: 58

/opt/microchip/xc8/v1.33/sources/pic18/plib/ADC/adcconv.c
		_ConvertADC    		CODE           	1F82	0000	4

/opt/microchip/xc8/v1.33/sources/pic18/plib/ADC/adcconv.c estimated size: 4

